// Jest Snapshot v1, https://goo.gl/fbAQLP

exports[`<ActionButton /> render Button when state is not provided 1`] = `
<Button
  className="w-100 mt-2"
  onClick={[MockFunction onClick]}
/>
`;

exports[`<ActionButton /> render StatefulButton when state is provided 1`] = `
<StatefulButton
  className="w-100 mt-2"
  disabledStates={
    Array [
      "loading",
    ]
  }
  href="some-href"
  state="loading"
/>
`;
