// Jest Snapshot v1, https://goo.gl/fbAQLP

exports[`StatusBadge renders 1`] = `
<Badge
  variant="variant"
>
  defaultMessage
</Badge>
`;
