// Jest Snapshot v1, https://goo.gl/fbAQLP

exports[`<TXTRenderer /> renders default 1`] = `
<pre
  className="txt-renderer"
>
  content
</pre>
`;
