// Jest Snapshot v1, https://goo.gl/fbAQLP

exports[`<LoadingBanner /> renders correctly 1`] = `
<Alert
  variant="info"
>
  <Spinner
    animation="border"
    className="d-flex m-auto"
  />
</Alert>
`;
