// Jest Snapshot v1, https://goo.gl/fbAQLP

exports[`TXT Renderer Component snapshot 1`] = `
<pre
  className="txt-renderer"
>
  test-content
</pre>
`;
